// Jest Snapshot v1, https://goo.gl/fbAQLP

exports[`renders correctly 1`] = `
<div
  className="about-container md-grid mobile-fix"
>
  <Card
    animate={true}
    className="md-grid md-cell--8"
    expanderIcon={
      <FontIcon
        iconClassName="material-icons"
      >
        keyboard_arrow_down
      </FontIcon>
    }
    expanderTooltipPosition="left"
  >
    <div
      className="about-wrapper"
    >
      <img
        alt="Sergio Orozco"
        className="about-img"
        src="/logos/logo-192.png"
      />
      <CardText
        component="section"
      >
        <p
          className="about-text md-body-1"
        >
          description
        </p>
      </CardText>
      <UserLinks
        config={
          Object {
            "blogPostDir": "posts",
            "copyright": "Copyright © 2018. Sergio Orozco",
            "disqusShortname": "scot3004",
            "fixedFooter": false,
            "pathPrefix": "/",
            "postDefaultCategoryID": "Tech",
            "shortTitle": "SeCOrTo",
            "siteDescription": "Sitio web presentación de Sergio Orozco Torres",
            "siteFBAppID": "291685517914169",
            "siteGATrackingID": "UA-10920504-3",
            "siteLogo": "/logos/logo-1024.png",
            "siteRss": "/rss.xml",
            "siteTitle": "Sergio Orozco",
            "siteTitleAlt": "Sergio Orozco Torres website",
            "siteUrl": "https://www.secorto.com",
            "userAvatar": "/logos/logo-192.png",
            "userDescription": "Especialista en seguridad informática, activista de software libre, ciclista, toco piano como hobbie, no llego a ser otaku, pero casi",
            "userLinks": Array [
              Object {
                "iconClassName": "fa fa-github",
                "label": "GitHub",
                "url": "https://github.com/Scot3004",
              },
              Object {
                "iconClassName": "fa fa-facebook",
                "label": "Facebook",
                "url": "https://facebook.com/Scot3004",
              },
              Object {
                "iconClassName": "fa fa-twitter",
                "label": "Twitter",
                "url": "https://twitter.com/Scot3004",
              },
            ],
            "userLocation": "Barranquilla, Colombia",
            "userName": "Sergio Orozco",
            "userTwitter": "scot3004",
          }
        }
        labeled={true}
      />
    </div>
  </Card>
</div>
`;
